border_size=1
usage=map

Wo          , Wo          , Wo          , Wo          , Ww          , Ww          , Ww          , Ww          , Ds          , Ds          , Ds          , Mm          , Mm          , Mm          , Mm          , Mm          , Mm          , Gs^Fp       , Mm          , Mm          , Mm          , Gs^Fp       , Gs^Fp       , Gs^Fp       , Rr          , Gg          , Gg          , Gg          , Gg          , Mm          , Mm          , Mm          , Gg          , Gs^Fp       , Gs^Fp       , Gs^Fp       , Gs^Fp       , Gs^Fp       , Gs^Fp       , Gs^Fp       , Gs^Fp       , Mm          , Mm          , Mm          , Mm          , Mm          , Mm          , Mm          , Mm          , Mm          , Mm          , Mm          , Mm          , Mm          , Mm          , Mm          
Wo          , Wo          , Wo          , Wo          , Ww          , Ww          , Ww          , Ww          , Ch          , Ds          , Ds          , Ds          , Ds          , Gs^Fp       , Gs^Fp       , Gs^Fp       , Gs^Fp       , Gs^Fp       , Gs^Fp       , Mm          , Gs^Fp       , Gs^Fp       , Gs^Fp       , Gs^Fp       , Rr          , Gg          , Gg          , Gg          , Gg          , Ggf         , Ggf         , Mm          , Mm          , Gs^Fp       , Gs^Fp       , Gs^Fp       , Gs^Fp       , Gs^Fp       , Gs^Fp       , Gs^Fp       , Gs^Fp       , Gs^Fp       , Mm          , Mm          , Mm          , Mm          , Mm          , Mm          , Mm          , Mm          , Mm          , Mm          , Mm          , Mm          , Mm          , Mm          
Wo          , Wo          , Wo          , Wo          , Ww          , Ww          , Ww          , Ch          , Ds          , Ch          , Ch          , Gg          , Gg          , Gg          , Ch          , Gs^Fp       , Gs^Fp       , Gs^Fp       , Gs^Fp       , Gs^Fp       , Gs^Fp       , Gs^Fp       , Gs^Fp       , Gg          , Gg          , Rr          , Gg          , Gg          , Ch          , Gg          , Ch          , Mm          , Gg          , Gs^Fp       , Gs^Fp       , Gs^Fp       , Gs^Fp       , Gs^Fp       , Gg^Fet      , Gs^Fp       , Gs^Fp       , Gs^Fp       , Gs^Fp       , Mm          , Mm          , Mm          , Mm          , Mm          , Mm          , Mm          , Mm          , Mm          , Mm          , Mm          , Mm          , Mm          
Wo          , Wo          , Wo          , Wo          , Ww          , Ww          , Ds          , Ds          , Gg          , Gg          , Gg^Vo       , Ch          , Ch          , Ch          , Gg^Vo       , Ch          , Ch          , Gs^Fp       , Gs^Fp       , Gs^Fp       , Gg^Fet      , Gs^Fp       , Gs^Fp       , Gg          , Gg          , Rr          , Rr          , Ch          , Re^Gvs      , Ch          , Re^Gvs      , Ch          , Ch          , Gg          , Gg          , Gs^Fp       , Gg          , Gs^Fp       , Gs^Fp       , Gs^Fp       , Gs^Fp       , Gs^Fp       , Gs^Fp       , Gs^Fp       , Hh^Fp       , Hh^Fp       , Hh^Fp       , Mm          , Hh          , Mm          , Hh          , Mm          , Hh          , Mm          , Hh          , Mm          
Wo          , Wo          , Wo          , Wo          , Ww          , Co          , Ds          , Co          , Re^Gvs      , Co          , Re^Gvs      , Re^Gvs      , Re^Gvs      , Re^Gvs      , Gg          , Gg          , Gs^Fp       , Ch          , Ch          , Gs^Fp       , Gs^Fp       , Gs^Fp       , Gg          , Gg          , Ch          , Ch          , Gg^Vo       , Rr          , Re^Gvs      , Re^Gvs      , Re^Gvs      , Gg          , Gs^Fp       , Ch          , Gg          , Gg          , Gs^Fp       , Gs^Fp       , Gs^Fp       , Gs^Fp       , Gs^Fp       , Gs^Fp       , Gs^Fp       , Gs^Fp       , Hh^Fp       , Hh^Fp       , Hh^Fp       , Mm          , Mm          , Hh          , Gg          , Hh          , Gg          , Hh          , Hh          , Hh          
Wo          , Wo          , Wo          , Ww          , Ww          , Ww          , Ds          , Gg          , Re^Gvs      , Re^Gvs      , Re^Gvs      , Co          , Re^Gvs      , Co          , Gg          , Co          , Gs^Fp       , Gs^Fp       , Gs^Fp       , Ch          , Ch          , Gs^Fp       , Ch          , Ch          , Re^Gvs      , Re^Gvs      , Re^Gvs      , Co          , Rr          , Co          , Re^Gvs      , Co          , Gs^Fp       , Ch          , Gg          , Gg          , Ggf         , Gs^Fp       , Gs^Fp       , Gs^Fp       , Gs^Fp       , Gs^Fp       , Hh^Fp       , Gs^Fp       , Hh^Fp       , Hh^Fp       , Gg          , Hh^Fp       , Gg          , Gg          , Gg          , Gg          , Gg          , Hh          , Gg          , Hh          
Wo          , Wo          , Ww          , Ww          , Ww          , Ww          , Ds          , Ds          , Gg          , Re^Gvs      , Co          , Gg          , Re^Gvs      , Re^Gvs      , Re^Gvs      , Gs^Fp       , Gs^Fp       , Co          , Gs^Fp       , Gs^Fp       , Ggf         , Ch          , Gg          , Gs^Fp       , Gs^Fp       , Co          , Re^Gvs      , Re^Gvs      , Rr          , Re^Gvs      , Re^Gvs      , Re^Gvs      , Gs^Fp       , Ch          , Ch          , Gg          , Gg          , Gs^Fp       , Gs^Fp       , Gs^Fp       , Gs^Fp       , Gs^Fp       , Gs^Fp       , Hh^Fp       , Gs^Fp       , Gs^Fmf      , Gg          , Gg          , Gg          , Gs^Fmf      , Gs^Fmf      , Gs^Fmf      , Gs^Fmf      , Gg          , Gg          , Gg          
Wo          , Wo          , Ww          , Ww          , Ww          , Ds          , Ds          , Ds          , Gg          , Co          , Ko          , Co          , Re^Gvs      , Re^Gvs      , Re^Gvs      , Gs^Fp       , Gg^Fet      , Gs^Fp       , Gs^Fp       , Co          , Gg          , Gg          , Gg          , Co          , Gg          , Re^Gvs      , Re^Gvs      , Re^Gvs      , Rr          , Gg          , Gs^Fp       , Co          , Gs^Fp       , Gs^Fp       , Ch          , Ggf         , Re          , Gs^Fp       , Gs^Fp       , Gs^Fp       , Gs^Fp       , Gs^Fp       , Gg          , Gs^Fp       , Gg          , Gs^Fmw      , Gg          , Gg          , Gg          , Gs^Fmf      , Gs^Fmf      , Gs^Fmf      , Gg          , Gg          , Gs^Fp       , Gg          
Wo          , Wo          , Wo          , Ww          , Ww          , Ww          , Ds          , Ds          , Gg          , Gg          , Co          , Co          , Re^Gvs      , Re^Gvs      , Gs^Fp       , Gs^Fp       , Gs^Fp       , Gs^Fp       , Gg          , Gg          , Ggf         , Co          , Gs^Fp       , Gs^Fp       , Re^Gvs      , Re^Gvs      , Re^Gvs      , Rr          , Gg          , Gg          , Gs^Fp       , Gs^Fp       , Co          , Gg          , Re          , Re          , Gs^Fp       , Gs^Fp       , Gs^Fp       , Gs^Fp       , Gg          , Gg          , Gg          , Gg          , Gg          , Gg          , Gg          , Gg          , Gg          , Gg          , Gg          , Re          , Gg^Vh       , Gs^Fp       , Gs^Fp       , Gg          
Wo          , Wo          , Wo          , Ww          , Ww          , Ww          , Ww          , Ds          , Ds          , Gg          , Gg          , Re^Gvs      , Re^Gvs      , Re^Gvs      , Re^Gvs      , Gs^Fp       , Re^Gvs      , Gs^Fp       , Gg          , Gg          , Gs^Fp       , Gs^Fp       , Gs^Fp       , Gs^Fp       , Re^Gvs      , Re^Gvs      , Re^Gvs      , Rr          , Gg          , Gs^Fp       , Gg          , Gg          , Re          , Re          , Re          , Re          , Gs^Fp       , Gs^Fp       , Gs^Fp       , Gs^Fp       , Gg          , Gg          , Gg          , Gg          , Gg          , Gg          , Gg          , Gg          , Gg          , Gg          , Gs^Fmf      , Re          , Re          , Gs^Fp       , Re          , Gg          
Wo          , Wo          , Wo          , Wo          , Ww          , Ww          , Ww          , Ds          , Ds          , Gg          , Co          , Re^Gvs      , Re^Gvs      , Re^Gvs      , Re^Gvs      , Re^Gvs      , Re^Gvs      , Re^Gvs      , Re^Gvs      , Gg          , Gs^Fp       , Gs^Fp       , Gg          , Re^Gvs      , Re^Gvs      , Re^Gvs      , Rr          , Rr          , Re^Gvs      , Gg          , Gg          , Co          , Re          , Re          , Gg          , Ch          , Ch          , Gg          , Gg          , Gg          , Gg          , Gg          , Gg          , Gg          , Gg          , Gg^Vh       , Gg          , Gg          , Gg          , Gs^Fmf      , Gs^Fmf      , Gs^Fmf      , Gs^Fmw      , Gs^Fp       , Re          , Gg          
Wo          , Wo          , Wo          , Wo          , Ww          , Ww          , Ww          , Ww          , Ds          , Ds          , Gg          , Gg^Vc       , Re^Gvs      , Re^Gvs      , Re^Gvs      , Re^Gvs      , Re^Gvs      , Re^Gvs      , Re^Gvs      , Gs^Fp       , Gg          , Gg          , Gg          , Gg^Vo       , Re^Gvs      , Re^Gvs      , Rr          , Re^Gvs      , Re^Gvs      , Gg^Vo       , Gg          , Re          , Re          , Re          , Co          , Gg          , Gg          , Ch          , Ch          , Gg          , Gg          , Gg          , Gg          , Gg          , Gg          , Gg          , Gs^Fp       , Gs^Fp       , Gg          , Re          , Re          , Re          , Re          , Re          , Re          , Gg          
Wo          , Wo          , Wo          , Wo          , Ww          , Ww          , Ww          , Ww          , Ds          , Ds          , Chr         , Re^Gvs      , Re^Gvs      , Re^Gvs      , Re^Gvs      , Re^Gvs      , Ch          , Re^Gvs      , Co          , Gg^Vo       , Gg          , Gg          , Co          , Gg          , Gg          , Gg          , Gg          , Rr          , Rr          , Gg          , Gg          , Re          , Co          , Gg          , Gg          , Gg^Vc       , Co          , Gg          , Gg          , Ch          , Ch          , Gg          , Gg          , Gg          , Gg          , Gg          , Gs^Fp       , Gg          , Gs^Fmf      , Gs^Fmf      , Gs^Fmf      , Re          , Re          , Re          , Gs^Fp       , Gg          
Wo          , Wo          , Wo          , Wo          , Ww          , Ww          , Ww          , Ww          , Ww          , Ds          , Ds          , Re^Gvs      , Re^Gvs      , Re^Gvs      , Ch          , Gg^Vc       , Ds          , Gg          , Wwt         , Ds          , Wwt         , Ds          , Ds          , Ds          , Ds          , Co          , Ds          , Gg          , Rr          , Gg          , Gg          , Gg          , Gs^Fp       , Gs^Fp       , Gs^Fp       , Gs^Fp       , Gs^Fp       , Gs^Fp       , Co          , Gg          , Ch          , Gg          , Gg          , Gg          , Gg          , Gg          , Gg          , Gg          , Gg          , Gs^Fmf      , Gs^Fmf      , Re          , Gg          , Gs^Fp       , Gs^Fp       , Gg          
Wo          , Wo          , Wo          , Wo          , Wo          , Ww          , Ww          , Ww          , Ww          , Ds          , Ds          , Gg          , Gg          , Gg          , Ds          , Ds          , Ww          , Ww^Bsb|     , Ww          , Ww^Bsb|     , Ww          , Wwt         , Ww^Bsb/     , Ww^Bsb/     , Ww          , Ds          , Ds          , Gg^Vo       , Gg          , Rr          , Re^Gvs      , Re^Gvs      , Re^Gvs      , Ggf         , Ggf         , Gs^Fp       , Gs^Fp       , Gs^Fp       , Gs^Fp       , Gs^Fp       , Ch          , Gg          , Gg          , Gg          , Gg          , Gs^Fmf      , Gs^Fmf      , Gg          , Gs^Fp       , Gg          , Gs^Fmf      , Gs^Fmf      , Gs^Fmf      , Rd          , Gs^Fp       , Gg          
Wo          , Wo          , Wo          , Wo          , Wo          , Ww          , Ww          , Ww          , Ww          , Ds          , Ds          , Chr         , Chr         , Gg          , Ww^Bsb\     , Ww          , Ww          , Ww^Bsb|     , Ko          , Ko          , Ko          , Ww^Bsb/     , Ww          , Ww          , Ww^Bsb/     , Ww^Bsb/     , Ds          , Co          , Gg          , Rr          , Re^Gvs      , Re^Gvs      , Re^Gvs      , Ggf         , Ggf         , Gg          , Gg          , Gs^Fp       , Co          , Gg          , Ch          , Gg          , Gg          , Gg          , Gg          , Gg          , Gg          , Gs^Fp       , Gs^Fp       , Gg          , Gg          , Gs^Fmf      , Gg          , Gs^Fp       , Gg          , Gg          
Wo          , Wo          , Wo          , Wo          , Wo          , Wo          , Ww          , Ww          , Ww          , Ww          , Ds          , Chr         , Ds          , Wwt         , Ww          , Ww^Bsb\     , Ko          , Ko          , Rp^Vhc      , Rp^Vhc      , Rp^Vhc      , Ko          , Ko          , Ww^Bsb/     , Ww          , Ww          , Ww^Bw\      , Ds          , Gg          , Rr          , Gg          , Re^Gvs      , Gg^Vo       , Gg          , Gg          , Gg          , Gg          , Gg          , Gg          , Gg          , Ch          , Gg          , Gg          , Gg          , Gg          , Gg          , Gg          , Gg          , Gg          , Gs^Fp       , Gg          , Gg          , Gs^Fp       , Gs^Fp       , Gg          , Gg          
Wo          , Wo          , Wo          , Wo          , Wo          , Wo          , Wwr         , Ww          , Ww          , Ww          , Ds          , Ds          , Ds          , Ww          , Ww          , Ko          , Rp^Vhc      , Rp^Vhc      , Rp^Vhc      , Rp^Vhc      , Rp^Vhc      , Rp^Vhc      , Rp^Vhc      , Ko          , Ww^Bw/      , Ww^Bw/      , Ww          , Co          , Co          , Rr          , Co          , Gg          , Gg          , Gg          , Re          , Gg          , Hh          , Co          , Hh          , Hh          , Ch          , Gg          , Gg          , Gg          , Gg          , Gg          , Gg          , Gg^Vh       , Gg          , Gs^Fp       , Gs^Fp       , Gs^Fp       , Gg          , Gs^Fp       , Gg          , Gg          
Wo          , Wo          , Wo          , Wo          , Wo          , Wo          , Ww          , Ww          , Ww          , Ds          , Ds          , Chr         , Chr         , Ww          , Ww          , Ko          , Ko          , Rp^Vhc      , Rp^Vhc      , Rp^Vhc      , Rp^Vhc      , Rp^Vhc      , Ko          , Ko          , Ww^Bsb\     , Ww          , Ds          , Ds          , Gg          , Co          , Re          , Co          , Co          , Re          , Re          , Co          , Hh          , Hh          , Ch          , Ch          , Gg          , Gg          , Gg          , Gg          , Gg          , Gg          , Gg          , Gg          , Ww^Bw|r     , Rd          , Rd          , Rd          , Ww          , Gg          , Ww          , Gg          
Wo          , Wo          , Wo          , Wo          , Wo          , Wo          , Wwr         , Wwr         , Ww          , Ww          , Ds          , Chr         , Ds          , Ww          , Ww          , Ww          , Ww          , Ko          , Ko          , Rp^Vhc      , Ko          , Ko          , Ww          , Ww          , Ww          , Ww^Bsb\     , Gg          , Gg          , Co          , Re          , Re          , Gg          , Re          , Co          , Gs^Fp       , Gg          , Ch          , Ch          , Ww          , Hh          , Ww          , Gg          , Ww          , Gg          , Ww          , Gg          , Ww^Bw|r     , Ww^Bw|r     , Ww^Bw|r     , Ww          , Ww          , Ww          , Ww          , Ww          , Ww          , Ww          
Wo          , Wo          , Wo          , Wo          , Wo          , Wo          , Wo          , Wwr         , Wwr         , Ww          , Ww          , Chw         , Chw         , Ww          , Ww          , Ww          , Ww          , Ww          , Ww          , 8 Ko        , Ww          , Ww          , Wwt         , Wwt         , Ds          , Ds          , Co          , 7 Ko        , Co          , Re          , Re          , Re          , Gs^Fp       , Gs^Fp       , Co          , Gg^Vo       , Ch          , Ww          , Ww          , Ww          , Ww          , Ww          , Ww          , Ww          , Ww          , Ww          , Ww^Bw|r     , Ww^Bw|r     , Gg          , Ww          , Ww          , Ww          , Ggf         , Ww          , Ww          , Ww          
Wo          , Wo          , Wo          , Wo          , Wo          , Wo          , Wo          , Wwr         , Wwr         , Ww          , Ww          , Ww          , Ww          , Chw         , Chw         , Ww          , Wo          , Ww          , Ww          , Ww          , Wwt         , Wwt         , Ds          , Gg          , Gg          , Ds          , Gg          , Co          , Re          , Re          , Gs^Fp       , Gs^Fp       , Gs^Fp       , Gs^Fp       , Gs^Fp       , Gs^Fp       , Gg          , Ch          , Ch          , Ww          , Gg          , Ww          , Gg          , Ww          , Gg          , Ww          , Gg          , Gg          , Re^Gvs      , Gg          , Gg          , Gg          , Gg          , Ggf         , Ww          , Ww          
Wo          , Wo          , Wo          , Wo          , Wo          , Wo          , Wo          , Wwr         , Wo          , Wwr         , Wwr         , Ww          , Wo          , Wwr         , Wo          , Chw         , Chw         , Ww          , Ww          , Ww          , Chr         , Ch          , Ds          , Gg          , Gg          , Gg          , Ggf         , Gg          , Gg          , Re          , Gg          , Gs^Fp       , Re          , Re          , Re          , Co          , Gs^Fp       , Gg          , Gg          , Ch          , Ch          , Gg          , Gg          , Gg          , Gg          , Gg          , Re^Gvs      , Re^Gvs      , Gg^Wm       , Re^Gvs      , Re^Gvs      , Gg          , Gg          , Gg          , Ww          , Ww          
Wo          , Wo          , Wo          , Wo          , Wo          , Wo          , Wo          , Wo          , Wo          , Wo          , Wo          , Wo          , Wo          , Wo          , Wo          , Wo          , Ww          , Chw         , Chw         , Chw         , Ww          , Ds          , Ww          , Ds          , Ds          , Ds          , Ds          , Gg          , Gg          , Gg          , Gg          , Gg^Vo       , Gg          , Re          , Re          , Gg          , Co          , Gg          , Co          , Gg          , Ch          , Gg          , Gg          , Gg          , Gs^Fp       , Gg          , Gs^Fp       , Re^Gvs      , Re^Gvs      , Re^Gvs      , Gg          , Gg          , Gg          , Gg          , Ww          , Ww          
Wo          , Wo          , Wo          , Wo          , Wo          , Wo          , Wo          , Wo          , Wo          , Wo          , Wo          , Wo          , Wo          , Wo          , Ww          , Ww          , Ww          , Ww          , Ww          , Wwr         , Ww          , Ww          , Ww          , Ww          , Ww          , Ww          , Ww          , Gg          , Ds          , Gg          , Gg          , Re          , Gg          , Gg          , Gg          , Gg          , Gg          , Gg          , Gg          , Gg          , Ch          , Gg          , Gg          , Gg          , Gs^Fp       , Gs^Fp       , Gs^Fp       , Gs^Fp       , Gg          , Gg          , Gg^Vh       , Gg          , Gg          , Gg          , Ww^Bw/r     , Ww          
Wo          , Wo          , Wo          , Wo          , Wo          , Wo          , Wo          , Wo          , Wo          , Wo          , Wo          , Wo          , Wo          , Wo          , Wo          , Ww          , Ww          , Ww          , Ww          , Wwr         , Wwr         , Ww          , Ww          , Ww          , Ww          , Ww          , Ww          , Ww          , Ww          , Ds          , Gg          , Gg          , Ggf         , Gg          , Gg          , Co          , Gg          , Gg          , Ch          , Ch          , Gg          , Gg          , Gg          , Gg          , Gg          , Gs^Fp       , Gs^Fp       , Gs^Fp       , Gg          , Gg          , Gg          , Gg          , Gg          , Gg          , Ww^Bw/r     , Ww          
Wo          , Wo          , Wo          , Wo          , Wo          , Wo          , Wo          , Wo          , Wo          , Wo          , Wo          , Wo          , Wo          , Wo          , Wo          , Ww          , Ww          , Ww          , Ww          , Wo          , Wwr         , Wwr         , Ww          , Wo          , Wo          , Wo          , Wo          , Ww          , Ds          , Ds          , Gg          , Gg          , Re^Gvs      , Co          , Re^Gvs      , Gs^Fp       , Ch          , Ch          , Gs^Fp       , Gs^Fp       , Gg          , Gg          , Gg          , Gg          , Gg          , Gg          , Gg          , Gg          , Gg          , Gg          , Gg          , Gg          , Gg          , Gg          , Ww^Bw/r     , Ww          
Wo          , Wo          , Wo          , Wo          , Wo          , Wo          , Wo          , Wo          , Wo          , Wo          , Wo          , Wo          , Wo          , Wo          , Wo          , Ww          , Ww          , Ww          , Ww          , Wwr         , Wwr         , Wo          , Wwr         , Wwr         , Wo          , Wo          , Wo          , Ww          , Ds          , Gg          , Gg          , Co          , Re^Gvs      , Re^Gvs      , Ch          , Ch          , Gg          , Gs^Fp       , Gs^Fp       , Gs^Fp       , Gs^Fp       , Gg          , Gg          , Gg          , Gg          , Gg          , Gg          , Gg          , Gg          , Gg          , Gg          , Gg          , Gg          , Gg          , Ww          , Ww          
Wo          , Wo          , Wo          , Wo          , Wo          , Wo          , Wo          , Wo          , Wo          , Wo          , Wo          , Wo          , Wo          , Wo          , Wo          , Wo          , Ww          , Ww          , Ww          , Wo          , Wo          , Ww          , Wwr         , Ww          , Wo          , Wo          , Wo          , Co          , Ww          , Co          , Gg          , Ggf         , Ch          , Ch          , Gg^Vc       , Gg          , Gg          , Gg          , Gs^Fp       , Gs^Fp       , Gs^Fp       , Gs^Fp       , Gs^Fp       , Gs^Fp       , Gg          , Gg          , Gg          , Gg          , Gg          , Gg          , Gg          , Gg          , Gg          , Gg          , Ww          , Ww          
Wo          , Wo          , Wo          , Wo          , Wo          , Wo          , Wo          , Wo          , Wo          , Wo          , Wo          , Wo          , Wo          , Wo          , Wo          , Wo          , Wo          , Ww          , Ww          , Wo          , Wo          , Wwr         , Wo          , Wwr         , Wwr         , Wo          , Wo          , Wo          , Ch          , Ds          , Ch          , Ch          , Gg          , Rr          , Rr          , Gg          , Gg          , Gg          , Gg          , Gs^Fp       , Gs^Fp       , Gs^Fp       , Gs^Fp       , Gs^Fp       , Gg          , Gg          , Gg          , Gg          , Gg          , Gg          , Gg          , Gg          , Gg          , Gg          , Ww          , Ww          
Wo          , Wo          , Wo          , Wo          , Wo          , Wo          , Wo          , Wo          , Wo          , Wo          , Wo          , Wo          , Wo          , Wo          , Wo          , Wo          , Wo          , Ww          , Ww          , Ww          , Ww          , Wo          , Wo          , Wwr         , Wo          , Wo          , Ww          , Ww          , Ds          , Ch          , Gg          , Gg          , Gg          , Gg          , Gg          , Rr          , Rr          , Gg          , Gg          , Gs^Fp       , Gg          , Gs^Fp       , Gg          , Gg          , Gg          , Gg^Vh       , Gg          , Gg          , Ce          , Ce          , Ce          , Gg          , Gg          , Gg          , Ww          , Ww          
Wo          , Wo          , Wo          , Wo          , Wo          , Wo          , Wo          , Wo          , Wo          , Wo          , Wo          , Wo          , Wo          , Wo          , Wo          , Wo          , Wo          , Ww          , Ww          , Ww          , Wo          , Wo          , Wo          , Wo          , Wo          , Wo          , Ww          , Ds          , Gg          , Gg          , Gg          , Gg          , Gg          , Gg          , Gg^Vh       , Gg          , Gg          , Rr          , Rr          , Gg          , Gg          , Gg          , Gg          , Gg          , Gg          , Gg          , Ce          , Ce          , Ce          , Ce          , Ce          , Gg          , Gg          , Gg          , Ww          , Ww          
Wo          , Wo          , Wo          , Wo          , Wo          , Wo          , Wo          , Wo          , Wo          , Wo          , Wo          , Wo          , Wo          , Wo          , Wo          , Wo          , Ww          , Wo          , Ww          , Ww          , Ww          , Ww          , Ww          , Ww          , Ww          , Ww          , Ww          , Gg          , Gg          , Gg          , Gg          , Gg          , Gg          , Gg          , Gg          , Gg          , Gg          , Gg          , Gg          , Rr          , Gg          , Gg          , Gg          , Gg          , Gg          , Ce          , Ce          , Ce          , 5 Ke        , Ce          , Ce          , Gg          , Gg          , Gg          , Ww          , Ww          
Wo          , Wo          , Wo          , Wo          , Wo          , Wo          , Wo          , Wo          , Wo          , Wo          , Wo          , Wo          , Wo          , Wo          , Ww          , Ww          , Ww          , Ww          , Ww          , Ww          , Ww          , Ww          , Ww          , Ww          , Ww          , Ww          , Ds          , Gg          , Gg          , Gg          , Gg          , Gg          , Gg          , Gg          , Gg          , Gg          , Gg          , Gg          , Gg          , Rr          , Gg          , Gg          , Gs^Fp       , Gg          , Gg          , Ce          , Ce          , Ce          , Ce          , Ce          , Gg          , Gg          , Ww^Bw|      , Ww^Bw|      , Gg          , Gg          
Wo          , Wo          , Wo          , Wo          , Wo          , Wo          , Wo          , Wo          , Wo          , Wo          , Wo          , Wo          , Wo          , Ww          , Ww          , Ww          , Ww          , Ww          , Ww          , Ww          , Ww          , Ww          , Ww          , Ww          , Ww          , Ds          , Gg          , Gg          , Gg          , Gg          , Gg          , Gg          , Gs^Fp       , Gs^Fp       , Gg          , Gg          , Gg          , Gg          , Gg          , Rr          , Gg          , Gg          , Gs^Fp       , Gg          , Gg          , Gg          , Gg          , Ce          , Gg          , Gg          , Ww          , Ww          , Gg          , Gg          , Gg          , Gg          
Wo          , Wo          , Wo          , Wo          , Wo          , Wo          , Wo          , Wo          , Wo          , Wo          , Wo          , Wo          , Wo          , Ww          , Ww          , Ww          , Ww          , Ww          , Ww          , Ww          , Ww          , Ww          , Ww          , Ww          , Ds          , Ds          , Gg          , Gg          , Gg          , Gg          , Gg          , Gs^Fp       , Gs^Fp       , Gg          , Gs^Fp       , Gs^Fp       , Gg          , Gg          , Gg          , Rr          , Gg          , Gg          , Gs^Fp       , Gg          , Gg          , Gg          , Gg          , Gg          , Ww          , Ww          , Ce          , Gg          , Gg          , Gg          , Gg^Vh       , Gg          
Wo          , Wo          , Wo          , Wo          , Wo          , Wo          , Wo          , Wo          , Wo          , Wo          , Wo          , Wo          , Wo          , Ww          , Ww          , Ww          , Ww          , Ww          , Ww          , Ww          , Ww          , Ww          , Ww          , Ww          , Ds          , Ds          , Gg          , Gg          , Gg          , Gg          , Gg          , Gg          , Gg          , Gs^Fp       , Gg          , Gg          , Gg          , Gs^Fp       , Gg          , Rr          , Gg          , Gg          , Gg          , Gg          , Gs^Fp       , Gg          , Gg          , Ww^Bw\      , Gg          , Ce          , 6 Ke        , Ce          , Gg          , Gg          , Gg          , Gg          
Wo          , Wo          , Wo          , Wo          , Wo          , Wo          , Wo          , Wo          , Wo          , Wo          , Wo          , Wo          , Wo          , Ww          , Ww          , Ww          , Ww          , Ww          , Ww          , Ww          , Ww          , Ww          , Ww          , Ds          , Gg          , Gg          , Gg          , Gg          , Gg          , Gg          , Gg          , Gg          , Gg          , Gg          , Gg          , Gg          , Gg          , Gs^Fp       , Gg          , Rr          , Gg          , Gg          , Gg          , Gs^Fp       , Gs^Fp       , Gg          , Gg          , Ww          , Gg          , Ce          , Ce          , Ce          , Gg          , Gg          , Gg          , Gg          
Wo          , Wo          , Wo          , Wo          , Wo          , Wo          , Wo          , Wo          , Wo          , Wo          , Wo          , Wo          , Wo          , Ww          , Ww          , Ww          , Ww          , Ww          , Ww          , Ww          , Ww          , Ww          , Ww          , Ds          , Gg          , Gg          , Gg          , Gg          , Gg          , Gg^Vh       , Gg          , Gg          , Gg          , Gg          , Gs^Fp       , Gg          , Gg          , Gs^Fp       , Gg          , Rr          , Gg          , Gg          , Gg          , Gs^Fp       , Gs^Fp       , Gg          , Gg          , Ww^Bw\      , Gg          , Gg          , Gg          , Gg          , Gg          , Gg          , Gg          , Gg          
Wo          , Wo          , Wo          , Wo          , Wo          , Wo          , Wo          , Wo          , Wo          , Wo          , Wo          , Wo          , Wo          , Ww          , Ww          , Ww          , Ww          , Ww          , Ww          , Ww          , Ds          , Ds          , Gg          , Gg          , Gg          , Gg          , Gs^Fp       , Gg          , Gg          , Gg          , Gg          , Gg          , Gg          , Gs^Fp       , Gs^Fp       , Gs^Fp       , Gg          , Gg          , Gg          , Rr          , Rr          , Gg          , Gg          , Gg          , Gg          , Gs^Fp       , Gg          , Ww          , Gg          , Gg          , Gg          , Gg          , Gs^Fds      , Gs^Fds      , Gg          , Gg          
Wo          , Wo          , Wo          , Wo          , Wo          , Wo          , Wo          , Wo          , Wo          , Wo          , Wo          , Wo          , Wo          , Ww          , Ww          , Ww          , Ww          , Ww          , Ds          , Ds          , Gg          , Gg          , Gg          , Gg          , Gg          , Gs^Fp       , Gs^Fp       , Gs^Fp       , Gg          , Gg          , Gg          , Gg          , Gg          , Gg          , Gs^Fp       , Gs^Fp       , Gs^Fp       , Gg          , Gg          , Gg          , Gg          , Rr          , Rr          , Gg          , Gg          , Gg          , Gg          , Ww          , Ww          , Gg          , Gg          , Gg          , Gs^Fds      , Gs^Fds      , Gs^Fmf      , Gg          
Wo          , Wo          , Wo          , Wo          , Wo          , Wo          , Wo          , Wo          , Wo          , Wo          , Wo          , Wo          , Wo          , Ww          , Ww          , Ww          , Ww          , Ww          , Ww          , Ds          , Gg          , Gg          , Gg          , Gg          , Gg          , Gg          , Gs^Fp       , Gg          , Gg          , Gg          , Ce          , Gg          , Gg          , Gg          , Gg          , Gs^Fp       , Gg          , Gg          , Gg          , Gg          , Gg          , Gg          , Gg          , Rr          , Gg          , Gg          , Gg^Vh       , Gg          , Gg          , Gg          , Gg          , Gg          , Gg          , Gs^Fds      , Gg          , Gg          
Wo          , Wo          , Wo          , Wo          , Wo          , Wo          , Wo          , Wo          , Wo          , Wo          , Wo          , Wo          , Wo          , Ww          , Ww          , Ww          , Ww          , Ww          , Ww          , Ds          , Gg          , Gg          , Gg          , Gg          , Gg          , Gs^Fp       , Gg          , Gg          , Ce          , Ce          , 4 Ke        , Ce          , Ce          , Gg          , Gg          , Gg          , Gg          , Gg          , Gg          , Gg          , Gg          , Gg          , Gg          , Rr          , Gg          , Gg          , Gg          , Gg          , Gg          , Ww          , Gg          , Gg          , Gg          , Gg^Vh       , Gg          , Gg          
Wo          , Wo          , Wo          , Wo          , Wo          , Wo          , Wo          , Wo          , Wo          , Wo          , Wo          , Wo          , Ww          , Ww          , Ww          , Ww          , Ww          , Ww          , Ds          , Ds          , Gg          , Gg          , Gg          , Gg          , Gg          , Gs^Fp       , Gg          , Gg          , Ce          , Ce          , Ce          , Ce          , Ce          , Gg          , Gs^Fp       , Gg          , Gg          , Gg          , Gg          , Gs^Fp       , Gg          , Gg          , Gg          , Rr          , Rr          , Gg          , Gs^Fp       , Gg          , Gs^Fp       , Ww          , Gg          , Gg          , Gg          , Gg          , Gg          , Gg          
Wo          , Wo          , Wo          , Wo          , Wo          , Wo          , Wo          , Wo          , Wo          , Wo          , Wo          , Wo          , Ww          , Ww          , Ww          , Ww          , Ww          , Ww          , Ds          , Ds          , Gg          , Gg          , Gg          , Gg          , Gg          , Gg          , Gs^Fp       , Gg          , Gg          , Ce          , Gg          , Ce          , Gg          , Gg          , Gs^Fp       , Gs^Fp       , Gg^Vh       , Gg          , Gs^Fp       , Gs^Fp       , Gg          , Gg          , Gg          , Gg          , Gg          , Rr          , Rr          , Gs^Fp       , Gg          , Ww          , Gg          , Gs^Fp       , Gs^Fp       , Gg          , Gg          , Gg          
Wo          , Wo          , Wo          , Wo          , Wo          , Wo          , Wo          , Wo          , Wo          , Wo          , Wo          , Wo          , Ww          , Ww          , Ww          , Ww          , Ww          , Ds          , Ds          , Gg          , Gg          , Gg          , Gg          , Gg^Vh       , Gg          , Gg          , Gs^Fp       , Gs^Fp       , Gg          , Gg          , Gg          , Gg          , Gg          , Gg          , Gs^Fp       , Gg          , Gg          , Gg          , Gs^Fp       , Gs^Fp       , Gg          , Gg          , Gs^Fp       , Gs^Fp       , Gg          , Gg          , Gg          , Rr          , Rr          , Ww          , Gg          , Gg          , Gs^Fp       , Gg          , Gg          , Gg          
Wo          , Wo          , Wo          , Wo          , Wo          , Wo          , Wo          , Wo          , Wo          , Wo          , Wo          , Wo          , Ww          , Ww          , Ww          , Ds          , Ww          , Ds          , Gg          , Gg          , Gg          , Gg          , Gg          , Gg          , Gg          , Gg          , Gg          , Gs^Fp       , Gg          , Gg          , Gg          , Gg          , Gg          , Gg          , Gg          , Gg          , Gg          , Gg          , Gg          , Gs^Fp       , Gg          , Gg          , Ww          , Gg          , Ww          , Gg          , Gg          , Gg          , Gg          , Ww^Bw\      , Rr          , Gg          , Gg          , Gg          , Gg          , Gg          
Wo          , Wo          , Wo          , Wo          , Wo          , Wo          , Wo          , Wo          , Wo          , Wo          , Wo          , Wo          , Ww          , Ww          , Ww          , Ds          , Ww          , Ww          , Ww          , Gg          , Gg          , Gg          , Gg          , Gg          , Ce          , Ce          , Ce          , Gg          , Gg          , Gg          , Gg          , Gg          , Ce          , Gg          , Gg          , Gg          , Gg          , Gg          , Gg          , Gg          , Ww          , Ww          , Gg          , Ww          , Gs^Fp       , Ww          , Gg          , Gg          , Ww          , Ww          , Gg          , Rr          , Rr          , Gg          , Gg          , Gg          
Wo          , Wo          , Wo          , Wo          , Wo          , Wo          , Wo          , Wo          , Wo          , Wo          , Wo          , Wo          , Ww          , Ww          , Ww          , Ww          , Ww          , Ww          , Ww          , Ww          , Ww          , Gg          , Ce          , Ce          , 2 Ke        , Ce          , Ce          , Gg          , Gg          , Gg          , Ce          , Ce          , Ce          , Ce          , Gg          , Gg          , Gg          , Gg          , Ww          , Ww          , Gg          , Gg          , Gg^Vh       , Gg          , Gs^Fp       , Ww          , Ww          , Ww          , Gg          , Ww          , Ww          , Gg          , Gg          , Rr          , Rr          , Gg          
Wo          , Wo          , Wo          , Wo          , Wo          , Wo          , Wo          , Wo          , Wo          , Wo          , Wo          , Wo          , Ww          , Ww          , Ww          , Ds          , Ww          , Ds          , Gg          , Ww          , Ww          , Ww          , Ce          , Ce          , Ce          , Ce          , Ww          , Gg          , Gg          , Ce          , Ce          , 3 Ke        , Ce          , Ce          , Gg          , Gg          , Ww          , Ww          , Gg          , Gg          , Gg          , Gg          , Gg          , Gs^Fp       , Gs^Fp       , Mm          , Gg          , Gg          , Gg          , Gg          , Ww          , Ww          , Gg          , Gg          , Gg          , Rr          
Wo          , Wo          , Wo          , Wo          , Wo          , Wo          , Wo          , Wo          , Wo          , Wo          , Wo          , Ww          , Ww          , Ww          , Ds          , Ww          , Ds          , Ds          , Gg          , Gg          , Gg          , Ww          , Ww          , Ce          , Ww          , Ww          , Gg          , Ww          , Ww          , Ce          , Ce          , Ce          , Ww          , Ww          , Ww          , Ww          , Gg          , Gg          , Gg          , Gg          , Gg          , Gg          , Gg          , Gs^Fp       , Gs^Fp       , Mm          , Gg          , Gg          , Gg          , Gg          , 1 Gg        , Ww          , Ww          , Gg          , Gg          , Gg          
Wo          , Wo          , Wo          , Wo          , Wo          , Wo          , Wo          , Wo          , Wo          , Wo          , Ww          , Ww          , Ww          , Ww          , Ds          , Ww          , Ds          , Ds          , Gg          , Gg          , Gg          , Gg          , Gg          , Ww          , Gg          , Gg          , Gg^Vh       , Gg          , Gg          , Ww          , Ww          , Ww          , Gs^Fp       , Gs^Fp       , Gg          , Gg          , Gg          , Gg          , Mm          , Mm          , Gg          , Gg          , Gs^Fp       , Gs^Fp       , Gg          , Mm          , Gg          , Gg          , Gg          , Gg          , Gg          , Gg          , Ww          , Gg          , Gg          , Gg          
Wo          , Wo          , Wo          , Wo          , Wo          , Wo          , Wo          , Wo          , Wo          , Wo          , Ww          , Ww          , Ww          , Ww          , Ds          , Ds          , Gg          , Gg          , Gg          , Gg          , Gs^Fp       , Gs^Fp       , Gs^Fp       , Gg          , Gg          , Gg          , Gg          , Gg          , Gg          , Gg          , Gg          , Gs^Fp       , Hh^Fms      , Hh^Fms      , Gg          , Gg          , Gg          , Gg          , Gg          , Gg          , Gg          , Gg          , Gs^Fp       , Gs^Fp       , Mm          , Gg          , Gg          , Gg          , Gg          , Gg          , Gg          , Gg          , Gg          , Ww          , Gg          , Gg          
Wo          , Wo          , Wo          , Wo          , Wo          , Wo          , Wo          , Wo          , Wo          , Wo          , Ww          , Ww          , Ww          , Ds          , Gg          , Gg          , Gg          , Gg          , Gg          , Gg          , Gg          , Gs^Fp       , Gs^Fp       , Gs^Fp       , Gg          , Gg          , Gg          , Gg          , Gg          , Gg          , Gg          , Hh^Fms      , Gg          , Hh^Fms      , Gg          , Gg          , Gg          , Gg          , Gg          , Gg          , Gg          , Gg          , Gs^Fp       , Gg          , Gg          , Gg          , Gg          , Gg          , Gg          , Gg          , Gg          , Gg          , Gg          , Ww          , Ww          , Gg          
Wo          , Wo          , Wo          , Wo          , Wo          , Wo          , Wo          , Wo          , Wo          , Ww          , Ww          , Ww          , Ds          , Ds          , Gg          , Gg          , Gg          , Gg          , Gg          , Gg          , Gg          , Gg          , Gg          , Gg          , Gg          , Gg          , Gg          , Gg          , Gg          , Gg          , Gg          , Gg          , Gg          , Gg          , Gg          , Gg          , Gg          , Gg          , Gg          , Gg          , Gg          , Gg          , Gg          , Gg          , Gg          , Gg          , Gg          , Gg          , Gg          , Gg          , Gg          , Gg          , Gg          , Gg          , Ww          , Gg          
