border_size=1
usage=map

Mm          , Mm          , Mm          , Mm          , Mm          , Mm          , Mm          , Mm          , Mm          , Re          , Re          , Re          , Mm          , Mm          , Mm          , Mm          , Mm          , Ha          , Ha^Fpa      , Aa          , Ai          , Aa          , Ha          , Ha          , Mm          , Mm          , Mm          , Ha          , Ha          , Gg          , Aa^Fpa      , Aa^Fpa      , Ha          , Ha^Fpa      , Mm          , Mm          , Mm          , Ha          , Ha          , Aa          , Aa          , Aa          
Mm          , Mm          , Mm          , Mm          , Mm          , Mm          , Aa^Fma      , Aa^Fma      , Mm          , Mm          , Mm          , Re          , Mm          , Mm          , Mm          , Mm          , Mm          , Ha          , Ha^Fpa      , Aa          , Ai          , Aa          , Ha          , Ha^Vhha     , Mm          , Mm          , Mm          , Ha          , Ha          , Gg          , Aa^Fpa      , Aa^Fpa      , Ha^Fpa      , Ha^Fpa      , Mm          , Mm          , Mm          , Ha          , Ha          , Aa          , Aa          , Aa          
Mm          , Mm          , Re          , Re          , Aa^Fma      , Aa^Fma      , Mm          , Mm          , Mm          , Mm          , Mm          , Re          , Mm          , Mm          , Mm          , Mm          , Aa          , Gg          , Gg          , Gg          , Ai          , Ha          , Mm          , Mm          , Mm          , Mm          , Mm          , Mm          , Mm          , Ha          , Ha          , Ha          , Mm          , Ha          , Mm          , Mm          , Mm          , Mm          , Mm          , Ha          , Ha          , Ha          
Mm          , Mm          , Re          , Re          , Re          , Aa^Fma      , Mm          , Mm          , Mm          , Mm          , Mm          , Re          , Mm          , Mm          , Ha          , Ha          , Ha          , Ha          , Ha          , Ha          , Ai          , Mm          , Ha          , Mm          , Mm          , Mm          , Ha          , Mm          , Ha          , Ha          , Aa          , Ha          , Ha          , Mm          , Mm          , Mm          , Mm          , Mm          , Mm          , Mm          , Mm          , Mm          
Mm          , Mm          , Mm          , Re          , Re          , Mm          , Mm          , Mm          , Ha          , Ha          , Re          , Re          , Mm          , Ha          , Ha          , Mm          , Mm          , Mm          , Mm          , Mm          , Ai          , Ha          , 3 Ke        , Ce          , Ha          , Mm          , Ha          , Ha          , Gg          , Gg          , Aa          , Aa          , Ha          , Mm          , Mm          , Mm          , Mm          , Mm          , Mm          , Mm          , Ha          , Ha          
Mm          , Mm          , Mm          , Mm          , Re          , Mm          , Mm          , Mm          , Ha          , Gg          , Re          , Ha          , Ha          , Mm          , Mm          , Mm          , Mm          , Ww          , Ww          , Ha          , Ai          , Ce          , Ce          , Ce          , Ha          , Mm          , Ha          , Aa          , Aa^Fpa      , Aa^Fpa      , Ha          , Ha          , Mm          , Mm          , Mm          , Mm          , Mm          , Mm          , Ha          , Ha          , Aa          , Aa          
Mm          , Mm          , Mm          , Mm          , Mm          , Re          , Re          , Mm          , Mm          , Mm          , Ha          , Re          , Gg          , Ha          , Ha^Vhha     , Mm          , Ai          , Ww          , Gg          , Ai          , Aa          , Aa          , Aa^Fpa      , Aa          , Gg          , Ha          , Gg          , Aa          , Aa^Fpa      , Aa^Fpa      , Ha          , Mm          , Mm          , Mm          , Ha          , Ha          , Mm          , Ha          , Ha          , Aa^Vea      , Aa          , Aa          
Mm          , Mm          , Ha          , Mm          , Ha^Fpa      , Ha          , Re          , Ha          , Mm          , Ha          , Ha          , Re          , Aa          , Gg          , Gg          , Ai          , Mm          , Ww          , Ww          , Aa          , Aa          , Gg          , Aa^Fpa      , Aa^Fpa      , Aa^Fpa      , Gg          , Aa^Fpa      , Aa^Fpa      , Aa^Fpa      , Aa^Fpa      , Aa^Fpa      , Ha          , Ha          , Ha          , Gg          , Ha          , Ha          , Mm          , Ha^Fpa      , Aa          , Aa          , Aa          
Ha          , Ha          , Ha          , Ha^Fpa      , Gg          , Aa^Fpa      , Re          , Aa^Vea      , Ha          , Mm          , Ha          , Re          , Aa^Fpa      , Aa^Fpa      , Aa^Fpa      , Ww          , Ww          , Ww          , Mm          , Ww          , Ww          , Gg          , Gg          , Aa^Fpa      , Aa^Fpa      , Aa^Fpa      , Aa^Fpa      , Aa^Fpa      , Aa^Fpa      , Aa^Fpa      , Aa^Fpa      , Aa^Vea      , Ha          , Aa          , Aa          , Aa          , Aa          , Ha          , Aa          , Aa^Fpa      , Aa^Fpa      , Aa^Fpa      
Ha          , Ha          , Mm          , Ha          , Aa          , Aa^Fpa      , Aa^Fpa      , Re          , Re          , Ha          , Re          , Re          , Aa^Fpa      , Ha^Fpa      , Ww^Bw\      , Ww          , Ww          , Ww          , Mm          , Mm          , Mm          , Ww          , Ww          , Gg          , Gg          , Gg          , Aa^Fpa      , Aa^Fpa      , Aa^Fpa      , Gg          , Gg          , Ha          , Mm          , Ha          , Gg          , Ha^Fpa      , Aa          , Gg          , Aa^Fpa      , Aa^Fpa      , Aa^Fpa      , Aa^Fpa      
Ha          , Ha          , Mm          , Ha          , Ha          , Aa          , Gg          , Gg          , Ha          , Re          , Ai          , Ha          , Ww^Bw\      , Ww          , Ww          , Ww^Bw\      , Cud         , Ai          , Ai          , Mm          , Mm          , Ha          , Ha          , Ww          , Ww          , Gg          , Gg          , Aa^Fpa      , Gg          , Aa^Fpa      , Ha          , Mm          , Mm          , Ha          , Aa          , Aa          , Aa^Fpa      , Aa^Fpa      , Aa^Fpa      , Aa^Fpa      , Aa^Fpa      , Aa^Fpa      
Ha          , Ha          , Mm          , Mm          , Mm          , Ha          , Aa^Fpa      , Gg          , Ha          , Ww          , Mm          , Ww          , Ww          , Ww^Bw\      , Cud         , Cud         , Mm          , Mm          , Ai          , Xu          , Xu          , Mm          , Mm          , Ha          , Mm          , Ww          , Ww          , Gg          , Ww          , Gg          , Ha          , Mm          , Mm          , Ha          , Aa          , Aa          , Aa          , Aa^Fpa      , Aa^Fpa      , Aa^Fpa      , Aa^Fpa      , Aa^Fpa      
Mm          , Mm          , Mm          , Mm          , Mm          , Ha          , Aa^Fpa      , Aa^Vea      , Gg          , Ww          , Mm          , Mm          , Mm          , Cud         , Rr          , Rr          , Rr          , Xu          , Cud         , Ai          , Rr          , Xu          , Cud         , Mm          , Mm          , Mm          , Mm          , Ww          , Mm          , Ww          , Ww          , Ha          , Ha          , Ha          , Ha          , Aa^Vea      , Gg          , Gg          , Aa^Fpa      , Aa^Fpa      , Aa^Fpa      , Aa^Fpa      
Mm          , Mm          , Mm          , Mm          , Ha          , Ha          , Gg          , Aa^Fpa      , Aa          , Ww          , Ww          , Mm          , Mm          , Mm          , Xu          , Rr          , Rr          , Cud         , Rr          , Ai          , Ai          , Rr          , Rr          , Cud         , Xu          , Mm          , Mm          , Mm          , Mm          , Mm          , Ww          , Ha          , Gg          , Ha          , Mm          , Ha          , Ha          , Gg          , Gg          , Gg          , Aa          , Aa          
Mm          , Mm          , Mm          , Mm          , Mm          , Ha          , Gg          , Aa^Fpa      , Aa          , Ww          , Ww          , Mm          , Mm          , Xu          , Rp^Vhc      , Cud         , Rr          , Rr          , Rr          , Rp^Vhc      , Rr          , Ai          , Rr          , Rr          , Rp^Vhc      , Xu          , Mm          , Mm          , Ai          , Ha^Vhha     , Ww          , Gg          , Gg          , Ha          , Mm          , Mm          , Ha          , Gg          , Gg          , Aa          , Aa          , Aa          
Mm          , Mm          , Ha          , Mm          , Mm          , Ha          , Gg          , Ha          , Ha          , Aa          , Ww          , Ww          , Mm          , Xu          , Cud         , Rr          , Rp^Vhc      , Rr          , Rr          , Rr          , Rr          , Ai          , Rp^Vhc      , Rr          , Cud         , Xu          , Rr          , Mm          , Ai          , Ai          , Gg          , Gg          , Aa          , Ha          , Ha          , Mm          , Mm          , Ha          , Ha          , Ha          , Ha          , Ha          
Ha          , Ha          , Aa          , Ha          , Ha          , Ha          , Gg          , Ha          , Gg          , Aa          , Ww^Bw/      , Ww^Bw\      , Cud         , Rr          , Rr          , Rr          , Rr          , Rr          , Cud         , Cud         , Cud         , Ai          , Rr          , Rr          , Rr          , Rr          , Rr          , Cud         , Ai          , Ww^Bw/      , Aa^Fpa      , Aa^Fpa      , Aa^Fpa      , Aa          , Ha          , Mm          , Mm          , Mm          , Mm          , Mm          , Mm          , Mm          
Aa          , Aa          , Aa          , Gg          , Aa          , Aa          , Aa          , Gg          , Aa^Vea      , Aa^Fpa      , Ww          , Ai          , Mm          , Rr          , Cud         , Rr          , Rr          , Rr          , Cud         , 2 Kud       , Cud         , Ai^Bw/      , Rr          , Rr          , Cud         , Rr          , Rr          , Cud         , Ai          , Ai          , Aa^Fpa      , Aa^Fpa      , Aa^Fpa      , Aa          , Ha          , Mm          , Mm          , Mm          , Mm          , Mm          , Ha          , Ha          
Aa          , Aa          , Aa^Fpa      , Aa^Fpa      , Aa^Fpa      , Aa          , Ha          , Ha          , Aa          , Aa          , Ww          , Mm          , Mm          , Cud         , Rr          , Rr          , Rp^Vhc      , Rr          , Rr          , Cud         , Rr          , Ai          , Rp^Vhc      , Rr          , Rr          , Xu          , Mm          , Cud         , Ai          , Ai          , Re          , Aa^Fpa      , Aa          , Ha          , Mm          , Mm          , Mm          , Mm          , Mm          , Mm          , Aa^Vea      , Aa          
Gg          , Gg          , Aa^Fpa      , Aa^Fpa      , Aa^Fpa      , Aa          , Ha          , Ha          , Gg          , Ww          , Ww          , Mm          , Mm          , Xu          , Rp^Vhc      , Rr          , Rr          , Rr          , Ai          , Rr          , Ai          , Ai          , Ai          , Ai          , Rp^Vhc      , Xu          , Mm          , Cud         , Ai          , Ai          , Re          , Aa^Fpa      , Gg          , Ha          , Mm          , Mm          , Mm          , Mm          , Ha          , Ha          , Gg          , Gg          
Gg          , Gg          , Gg          , Aa^Fpa      , Aa^Fpa      , Aa^Fpa      , Gg          , Gg          , Ha          , Ww          , Mm          , Mm          , Mm          , Xu          , Xu          , Rr          , Cud         , Rr          , Ai          , Ai          , Ai          , Ai          , Ai          , Ai          , Xu          , Xu          , Mm          , Mm          , Ai          , Ai          , Re          , Gg          , Gg          , Ha          , Ha          , Ha          , Mm          , Mm          , Ha          , Ha          , Gg          , Gg          
Ha          , Ha          , Ha          , Gg          , Aa^Fpa      , Aa^Fpa      , Aa^Fpa      , Gg          , Ha          , Ww          , Ai          , Mm          , Mm          , Mm          , Mm          , Xu          , Rr          , Rr          , Cud         , Ai          , Ai          , Ai          , Ai          , Xu          , Mm          , Mm          , Mm          , Mm          , Ww          , Ai          , Ha          , Re          , Gg          , Gg          , Aa          , Ha          , Aa^Fpa      , Mm          , Aa^Fpa      , Aa^Fpa      , Aa^Fpa      , Aa^Fpa      
Mm          , Mm          , Ha          , Gg          , Gg          , Aa^Fpa      , Gg          , Aa^Fpa      , Ha          , Ww          , Ww          , Ai          , Ai          , Mm          , Cud         , Rr          , Rr          , Rr          , Xu          , Rp^Vhc      , Xu          , Ai          , Ai          , Mm          , Mm          , Mm          , Ww          , Ww          , Mm          , Mm          , Ha          , Re          , Gg          , Aa          , Aa          , Aa^Fpa      , Aa^Fpa      , Ha          , Aa^Fpa      , Aa^Fpa      , Aa^Fpa      , Aa^Fpa      
Mm          , Mm          , Mm          , Ha          , Aa^Fpa      , Gg          , Ha          , Gg          , Ha          , Ha          , Ha          , Ai          , Ai          , Ai          , Ai          , Cud         , Cud         , Rr          , Mm          , Xu          , Mm          , Mm          , Ww          , Ai          , Ai          , Ww          , Ha          , Ha          , Ha          , Mm          , Re          , Re          , Ha          , Aa          , Ha          , Aa^Fpa      , Ha          , Ha          , Ha^Vhha     , Aa^Fpa      , Aa^Fpa      , Aa^Fpa      
Mm          , Mm          , Mm          , Mm          , Ha          , Ha          , Ha          , Aa^Vea      , Re          , Re          , Re          , Re          , Re          , Ai          , Ww^Bw/      , Ww^Bw/      , Ai          , Cud         , Mm          , Mm          , Mm          , Mm          , Ai          , Ai          , Gg          , Gg          , Gg          , Gg          , Gg          , Re          , Gg          , Gg          , Ha          , Ha          , Mm          , Ha          , Mm          , Mm          , Ha          , Aa^Fpa      , Ha          , Ha          
Mm          , Mm          , Mm          , Mm          , Ha          , Gg          , Ha          , Re          , Ha          , Mm          , Mm          , Ha          , Gg          , Ha          , Ha          , Ww^Bw|      , Ww          , Ai          , Mm          , Mm          , Ha          , Ha          , Ai          , Ww          , Gg          , Gg          , Ha          , Gg          , Re          , Re          , Gg          , Gg          , Gg          , Ha          , Mm          , Mm          , Mm          , Mm          , Ha          , Ha          , Mm          , Mm          
Mm          , Mm          , Mm          , Mm          , Ha          , Gg          , Gg          , Re          , Ha          , Mm          , Mm          , Ha          , Ha          , Ha          , Mm          , Ha          , Gg          , Ww          , Ww          , Mm          , Ha          , Ha          , Ww          , Ww          , Gg          , Ha          , Ha          , Re          , Aa^Fpa      , Aa^Fpa      , Aa^Fpa      , Gg          , Ha          , Ha          , Ha          , Mm          , Mm          , Mm          , Mm          , Mm          , Ha          , Ha          
Ha          , Ha          , Ha          , Ha          , Ha          , Gg          , Gg          , Re          , Ha          , Ha          , Mm          , Mm          , Mm          , Mm          , Mm          , Ha          , Gg          , Gg          , Ha          , Ww          , Ai          , Ww          , Ai          , Aa^Fpa      , Gg          , Ha          , Gg          , Re          , Aa^Fpa      , Aa^Fpa      , Aa^Fpa      , Gg          , Ha          , Ha          , Mm          , Mm          , Mm          , Mm          , Mm          , Mm          , Ha          , Ha          
Gg          , Gg          , Gg          , Gg          , Gg          , Gg          , Re          , Re          , Ha          , Mm          , Mm          , Mm          , Mm          , Mm          , Ha          , Ha          , Gg          , Gg          , Gg          , Gg          , Ww          , Ai          , Aa^Fpa      , Aa^Fpa      , Aa^Fpa      , Gg          , Gg          , Re          , Gg          , Aa^Fpa      , Aa^Fpa      , Aa^Fpa      , Ha          , Mm          , Mm          , Mm          , Mm          , Mm          , Mm          , Mm          , Ha          , Ha^Fpa      
Gg          , Gg          , Aa^Fpa      , Gg          , Re          , 1 Re        , Ha          , Gg          , Ha          , Mm          , Mm          , Mm          , Mm          , Mm          , Ha          , Ha          , Gg          , Gg          , Gg          , Gg          , Ww          , Ai          , Ww          , Aa^Fpa      , Aa^Fpa      , Aa^Fpa      , Gg          , Re          , Re          , Gg          , Gg          , Ce          , Ce          , Mm          , Ha          , Mm          , Mm          , Mm          , Mm          , Ha          , Ha^Fpa      , Ha^Fpa      
Aa^Fpa      , Aa^Fpa      , Aa^Fpa      , Re          , Ha          , Ha          , Mm          , Ha          , Ha^Vhha     , Ha          , Ha          , Ha          , Ha          , Mm          , Ha          , Ha          , Ha          , Ha          , Gg          , Gg          , Aa^Fpa      , Ww          , Ww          , Aa^Fpa      , Aa          , Aa          , Aa          , Gg          , Gg          , Re          , Ce          , 4 Ke        , Aa^Fpa      , Ha^Vhha     , Gg          , Ha          , Ha          , Mm          , Mm          , Mm          , Ha          , Ha^Fpa      
Aa^Fpa      , Aa^Fpa      , Aa^Fpa      , Re          , Ha          , Ha          , Mm          , Mm          , Mm          , Ha          , Mm          , Mm          , Ha          , Ha          , Mm          , Ha^Vhha     , Mm          , Ha          , Gg          , Gg          , Ai          , Ai          , Ww          , Ai          , Ai          , Aa          , Gg          , Aa          , Gg          , Re          , Gg          , Ce          , Aa^Fpa      , Aa^Fpa      , Gg          , Gg          , Ha          , Mm          , Ha          , Ha          , Aa^Vea      , Aa          
Aa^Fpa      , Aa^Fpa      , Re          , Re          , Gg          , Ha          , Mm          , Mm          , Mm          , Ha          , Ha          , Ha          , Mm          , Ha          , Mm          , Mm          , Ha          , Ha          , Aa          , Gg          , Ai          , Ai          , Ai          , Ww          , Ai          , Aa          , Aa          , Aa          , Gg          , Re          , Re          , Gg          , Gg          , Gg          , Aa          , Gg          , Gg          , Ha          , Gg          , Gg          , Aa^Fpa      , Aa^Fpa      
Re          , Re          , Gg          , Gg          , Gg          , Ha^Vhha     , Ha          , Mm          , Mm          , Mm          , Mm          , Mm          , Mm          , Mm          , Mm          , Ha          , Aa          , Aa          , Aa^Fpa      , Gg          , Gg          , Ai          , Ai          , Ww          , Ha          , Ha          , Mm          , Aa          , Gg          , Gg          , Re          , Gg          , Aa          , Aa          , Aa          , Aa          , Gg          , Gg          , Aa^Fpa      , Aa^Fpa      , Aa^Fpa      , Aa^Fpa      
Gg          , Gg          , Gg          , Gg          , Ha          , Ha          , Ha          , Ha          , Mm          , Mm          , Mm          , Mm          , Mm          , Mm          , Mm          , Ha          , Ha^Fpa      , Aa          , Aa^Fpa      , Aa^Fpa      , Gg          , Aa          , Aa          , Ww          , Ww          , Mm          , Mm          , Ha          , Gg^Ve       , Gg          , Re          , Gg          , Gg          , Aa^Vea      , Aa          , Aa          , Aa          , Gg          , Gg          , Aa^Fpa      , Aa^Fpa      , Aa^Fpa      
Gg          , Gg          , Gg          , Ha          , Ha          , Ha          , Mm          , Mm          , Mm          , Mm          , Mm          , Mm          , Mm          , Mm          , Ha          , Ha          , Ha^Fpa      , Ha          , Ha          , Aa^Fpa      , Gg          , Aa          , Ai          , Ww          , Ai          , Mm          , Mm          , Ha          , Gg          , Gg          , Gg          , Re          , Gg          , Gg          , Gg          , Aa          , Aa          , Aa          , Aa^Fpa      , Gg          , Gg          , Gg          
Aa^Fpa      , Aa^Fpa      , Gg          , Ha          , Ha          , Mm          , Mm          , Mm          , Mm          , Mm          , Ha          , Mm          , Mm          , Mm          , Mm          , Ha          , Ha          , Ha          , Aa^Fpa      , Ha^Fpa      , Gg          , Ai          , Ai          , Ai          , Ha          , Mm          , Ha          , Gg          , Aa^Fpa      , Aa^Fpa      , Gg          , Re          , Gg          , Gg          , Gg          , Gg          , Gg          , Gg          , Aa^Fpa      , Gg          , Gg^Ve       , Gg          
Aa^Fpa      , Aa^Fpa      , Gg          , Gg          , Ha          , Mm          , Mm          , Mm          , Ha          , Mm          , Ha          , Ha          , Ha          , Mm          , Mm          , Mm          , Ha          , Aa          , Aa^Fpa      , Ha          , Gg          , Ww          , Ai          , Gg          , Gg          , Ha          , Gg          , Gg          , Gg          , Aa^Fpa      , Re          , Re          , Gg          , Gg          , Gg          , Gg          , Aa^Fpa      , Gg          , Aa          , Aa          , Gg          , Gg          
Aa^Fpa      , Aa^Fpa      , Aa^Fpa      , Ha^Fpa      , Mm          , Mm          , Mm          , Ha          , Ha^Vhha     , Ha          , Ha          , Ha          , Ha          , Mm          , Mm          , Mm          , Mm          , Ha          , Gg          , Gg          , Ai          , Ww          , Ai          , Ai          , Gg          , Gg          , Aa          , Aa          , Aa          , Gg          , Re          , Gg          , Gg          , Gg          , Gg          , Gg          , Aa^Fpa      , Aa^Fpa      , Aa          , Aa          , Aa          , Aa          
Aa^Fpa      , Aa^Fpa      , Ha^Fpa      , Ha^Fpa      , Mm          , Mm          , Mm          , Ha          , Ha          , Ha          , Ha          , Ha          , Ha          , Mm          , Mm          , Mm          , Mm          , Ha          , Gg          , Gg          , Ai          , Ai          , Ai          , Ai          , Gg          , Gg          , Aa          , Aa          , Aa          , Gg          , Re          , Gg          , Gg          , Gg          , Gg          , Gg          , Aa^Fpa      , Aa^Fpa      , Aa          , Aa          , Aa          , Aa          
